CATGTTGTCACG
Seq1 2566,11056,18444
//
CCATGGGAC
Seq1 3014
//
GGATGAAGAAAAGCA
Seq1 1026,2905,11253,11508,12250,12624,18465
//
