CATGTTGTCACG
Seq1 2566
//
CCATGGGAC
Seq1 3014
//
GGATGAAGAAAAGCA
Seq1 1026
//
