RNEL
sp|P0DO85|10H_STRNX 151
sp|P19084|11S3_HELAN 355
sp|P26709|1107L_ASFL5 128
sp|P32234|128UP_DROME 38
sp|Q6GZV8|017L_FRG3G 18
sp|Q6GZW6|009L_FRG3G 653
sp|Q9U408|14331_ECHGR 42
//
DTPT
sp|O55705|061R_IIV6 72
sp|Q196U6|114L_IIV3 123
sp|Q197D0|030L_IIV3 51
sp|Q197F8|002R_IIV3 368
sp|Q4U9M9|104K_THEAN 751
sp|Q6GZN2|093L_FRG3G 1
sp|Q6GZN6|089R_FRG3G 125
sp|Q6GZN8|087L_FRG3G 546
sp|Q6GZX3|002L_FRG3G 222
//
GSGL
sp|Q196Y8|072L_IIV3 29
sp|Q197B6|044L_IIV3 19
sp|Q197C3|037L_IIV3 40
sp|Q197D8|022L_IIV3 164
sp|Q67475|055R_FRG3G 119
sp|Q6GZR7|058R_FRG3G 150
sp|Q6GZT9|037R_FRG3G 119
sp|Q6GZU9|027R_FRG3G 496
sp|Q6GZV5|020R_FRG3G 115
sp|Q6GZV6|019R_FRG3G 816
sp|Q6GZW6|009L_FRG3G 394
sp|Q91G63|034R_IIV6 97
sp|Q9XHP0|11S2_SESIN 98
//
