RNELNNEEA
sp|Q9U408|14331_ECHGR 42
//
DTPTNCPT
sp|Q6GZX3|002L_FRG3G 222
//
GSGLSLLSD
sp|Q6GZW6|009L_FRG3G 394
//
